Microsoft (R) Macro Assembler Version 14.10.25019.0	    06/03/17 00:18:28
ex							     Page 1 - 1


				; file: ex3.asm
				; Dudi Yecheskel , ID 200441749

				TITLE ex3
				; This program simulates a board game as described in the instructions

				INCLUDE Irvine32.inc
			      C ; Include file for Irvine32.lib             (Irvine32.inc)
			      C 
			      C ;OPTION CASEMAP:NONE		; optional: make identifiers case-sensitive
			      C 
			      C INCLUDE SmallWin.inc		; MS-Windows prototypes, structures, and constants
			      C .NOLIST
			      C .LIST
			      C 
			      C INCLUDE VirtualKeys.inc
			      C ; VirtualKeys.inc
			      C .NOLIST
			      C .LIST
			      C 
			      C 
			      C .NOLIST
			      C .LIST
			      C 
				INCLUDE ex3_data.inc
			      C ; file: ex2.asm
			      C ; Dudi Yecheskel , ID 200441749
			      C 
 00000000		      C .data
 00000000 04		      C 	numrows	BYTE 4
 00000001 04		      C 	numcols BYTE 4
 00000002 03 02 0E 02 13      C 	board	BYTE 3, 2, 14, 2,
	   53 45 45 09 53
	   1F 11 01 0A 03
	   05
			      C 				 19, 'S', 'E', 'E',
			      C 				 9, 'S', 31, 17,
			      C 				 1, 10, 3, 5	
 00000012 05 05 04 02 3B      C 	moves BYTE 5, 5, 4, 2, ';'
 00000017 05		      C 	nomoves BYTE 5
			      C 

 00000018			.data
 00000018 44 75 64 69 20		myName BYTE "Dudi Yecheskel  ID:200441749  EX2",10,0
	   59 65 63 68 65
	   73 6B 65 6C 20
	   20 49 44 3A 32
	   30 30 34 34 31
	   37 34 39 20 20
	   45 58 32 0A 00
 0000003B 67 61 6D 65 46		gameFinStr BYTE "gameFin: " , 0
	   69 6E 3A 20 00
 00000045 00				gamefin BYTE 0									;init to 0 - will change to 1 only if the player wins
 00000046 73 63 6F 72 65		scoreStr BYTE "score: " , 0
	   3A 20 00
 0000004E 00000000			score DWORD 0									;sum of cell values if player wins or error identifier if player looses
 00000052 6D 6F 76 65 4E		moveNumStr BYTE "moveNum: ", 0
	   75 6D 3A 20 00
					;moveNum WORD 0									;the number of moves made before the game ended
 0000005C  00000010 [			rearrangedBoard BYTE LENGTHOF board DUP(?)		;a copy of the given board, rearanged by stepping order
	    00
	   ]
 0000006C 00				currRow BYTE 0									;the current row being copied
 0000006D 00000000			lastCellOnBoard DWORD ?							;the address of the last cell on the board
 00000071 05 05 01 3B			moveseries SBYTE 5, 5, 1, ';'	; TODO: Important change to nomoves somehow
					;moveseries SBYTE 5 DUP(?)	; TODO: Important change to nomoves somehow
 = 00000001				MIN_DIGIT = 1
 = 00000028				MAX_DIGIT = 40
 00000000			.code

 00000000			myMain PROC
					;Print my name
 00000000  BA 00000018 R		mov edx, OFFSET myName
 00000005  E8 00000000 E		call writestring
					
					;push OFFSET moveSeries
					;mov ebx, byte PTR 3
					;push ebx
					;call nextMove

 0000000A  68 00000002 R		push OFFSET board
 0000000F  0F B6 05			movzx eax, numrows
	   00000000 R
 00000016  50				push eax
 00000017  0F B6 05			movzx eax, numcols
	   00000001 R
 0000001E  50				push eax
 0000001F  E8 00000132			call checkboard
 00000024  83 F8 FF			cmp eax, -1
 00000027  74 2C			je invalidBoard

 00000029  E8 0000008B			call copyAndRearangeBoard	
					
					; play the game with a given set of moves
					; parameters (moveSeriesPtr, rearrangedBoardPtr, numRows, numCols, gameFinPtr, scorePtr)
					;push OFFSET moveseries
					;push OFFSET rearrangedBoard
					;movsx eax, numrows
					;push eax
					;movzx eax, numcols
					;push eax
					;call checksolved

					; parameters (moveSeriesPtr, nomoves, rearrangedBoardPtr, numRows, numCols)
 0000002E  68 00000071 R		push OFFSET moveseries
 00000033  0F BE 05			movsx eax, nomoves
	   00000017 R
 0000003A  50				push eax
 0000003B  68 0000005C R		push OFFSET rearrangedBoard
 00000040  0F BE 05			movsx eax, numrows
	   00000000 R
 00000047  50				push eax
 00000048  0F B6 05			movzx eax, numcols
	   00000001 R
 0000004F  50				push eax
 00000050  E8 0000026F			call findshortseries

 00000055				invalidBoard:
 00000055  C7 05 0000004E R		mov score, -1
	   FFFFFFFF
 0000005F  C6 05 00000071 R		mov moveseries, -1
	   FF
						;============================================ end of game - print results ============================================
 00000066					gameEnded:
							;print gameFin
 00000066  BA 0000003B R				mov edx, OFFSET gameFinStr
 0000006B  E8 00000000 E				call writeString
 00000070  0F BE 05					movsx eax, gamefin
	   00000045 R
 00000077  E8 00000000 E				call writedec
 0000007C  E8 00000000 E				call CRLF
						
							;print score
 00000081  BA 00000046 R				mov edx, OFFSET scoreStr
 00000086  E8 00000000 E				call writeString
 0000008B  A1 0000004E R				mov eax, score
 00000090  E8 00000000 E				call writedec
 00000095  E8 00000000 E				call CRLF

							;print moveNum
 0000009A  BA 00000052 R				mov edx, OFFSET moveNumStr
 0000009F  E8 00000000 E				call writeString
 000000A4  0F BE 45 FC					movsx eax, byte PTR [ebp + moveNum]
 000000A8  E8 00000000 E				call writedec
 000000AD  E8 00000000 E				call CRLF

						exit
 000000B2  6A 00	   *	    push   +000000000h
 000000B4  E8 00000000 E   *	    call   ExitProcess
 000000B9			myMain ENDP

 000000B9			copyAndRearangeBoard PROC	
 000000B9  60				PUSHAD	
 000000BA  BE 00000002 R		mov esi, OFFSET board
 000000BF  BF 0000005C R		mov edi, OFFSET rearrangedBoard

					;set esi to the bottom left cell
					;add esi, SIZEOF board	
					;movsx ebx, BYTE PTR numCols			;if we want this to be generic we can multiply this value by 'TYPE board' (here its 1 so there is no need)
					;sub esi, ebx

 000000C4  68 00000002 R		push OFFSET board
 000000C9  0F B6 05			movzx eax, numrows
	   00000000 R
 000000D0  50				push eax
 000000D1  0F B6 05			movzx eax, numcols
	   00000001 R
 000000D8  50				push eax
 000000D9  E8 000000ED			call moveEsiToBottomLeft

					;main loop - each itteration copies a single row from board to rearrangedBoard
 000000DE				nextRow:
						;compare curr to board, if curr < board then finished copying
						; (*) it doesn't matter if the last row is even or odd, in both cases the first cell is not less than 'OFFSET board'
 000000DE  81 FE 00000002 R			cmp esi, OFFSET board
 000000E4  7C 5E				jl endOfCopy

						;check parity 
 000000E6  0F BE 05				movsx eax, currRow
	   0000006C R
 000000ED  83 E0 01				and eax, 1
 000000F0  83 F8 01				cmp eax, 1			;(eax = 1 => odd row number)
 000000F3  74 02				je copyOddRow
 000000F5  75 2B				jne copyEvenRow

 000000F7				copyOddRow:
						;jump to the end of the row to copy backwards
 000000F7  0F BE 05				movsx eax, BYTE PTR numCols
	   00000001 R
 000000FE  03 F0				add esi, eax
 00000100  4E					dec esi

 00000101  0F BE 0D				movsx ecx, BYTE PTR numCols
	   00000001 R
						; cells are copied one by one because we don't know in advance the value of numCols
 00000108					copyCell1:
 00000108  8A 06					mov al, BYTE PTR [esi]
 0000010A  88 07					mov [edi], al
 0000010C  47						inc edi
 0000010D  4E						dec esi
 0000010E  E2 F8					loop copyCell1

						;set esi to the beginning of the row above
 00000110  0F BE 05				movsx eax, BYTE PTR numCols
	   00000001 R
 00000117  2B F0				sub esi, eax
 00000119  46					inc esi
 0000011A  FE 05 0000006C R			inc currRow
 00000120  EB BC				jmp nextRow

 00000122				copyEvenRow:
 00000122  0F BE 0D				movsx ecx, BYTE PTR numCols
	   00000001 R
 00000129					copyCell2:
 00000129  8A 06					mov al, BYTE PTR [esi]
 0000012B  88 07					mov [edi], al
 0000012D  47						inc edi
 0000012E  46						inc esi
 0000012F  E2 F8					loop copyCell2

						;set esi to the beginning of the row above
 00000131  0F BE 05				movsx eax, BYTE PTR numCols
	   00000001 R
 00000138  2B F0				sub esi, eax
 0000013A  2B F0				sub esi, eax
 0000013C  FE 05 0000006C R			inc currRow
 00000142  EB 9A				jmp nextRow

 00000144				endOfCopy:
						;set lastCellOnBoard to be the address of the last cell
 00000144  B8 0000005C R			mov eax, OFFSET rearrangedBoard
 00000149  83 C0 10				add eax, SIZEOF rearrangedBoard
 0000014C  83 E8 01				sub eax, TYPE rearrangedBoard
 0000014F  A3 0000006D R			mov lastCellOnBoard, eax
					
 00000154  61				POPAD
 00000155  C3				ret
 00000156			copyAndRearangeBoard ENDP

				; original board is transfered, board is checked from last row to the first
 00000156			checkboard PROC
 = 00000008				i_NumCols = 8
 = 0000000C				i_NumRows = i_NumCols + 4
 = 00000010				i_BoardPtr = i_NumRows + 4
					
 00000156  55				push ebp
 00000157  8B EC			mov ebp, esp
 00000159  56				push esi
 0000015A  53				push ebx
 0000015B  51				push ecx
 0000015C  52				push edx

					;set eax to 1 , will be changed to -1 if the board is invalid
 0000015D  B8 00000000			mov eax, 0
 00000162  8B 75 10			mov esi, [ebp + i_BoardPtr]
 00000165  8B 4D 0C			mov ecx, [ebp + i_NumRows]
 00000168				checkRows:
 00000168  8B D9				mov ebx, ecx
 0000016A  8B 4D 08				mov ecx, [ebp + i_NumCols]
 0000016D					checkCols:
 0000016D  80 3E 53					cmp [esi], byte PTR 'S'
							;if 'S' check cell under
 00000170  75 0B					jne notS							
 00000172  8B 55 08					mov edx, [ebp + i_NumCols]
							;if equal then there is E under S
 00000175  80 3C 32 45					cmp [esi + edx], byte PTR 'E'		
 00000179  74 41					je invalidBoard
 0000017B  EB 0F					jmp nextCol

 0000017D						notS:
							;if 'E' there can't be S above (we are checking from top to bottom)
 0000017D  80 3E 45					cmp [esi], byte PTR 'E'				
 00000180  74 0A					je nextCol

							;not 'S' or 'E' so must be a digit between 1 and 40
 00000182  80 3E 01					cmp [esi], byte PTR MIN_DIGIT
 00000185  7C 35					jl invalidBoard

 00000187  80 3E 28					cmp [esi], byte PTR MAX_DIGIT
 0000018A  7F 30					jg invalidBoard

 0000018C						nextCol:
 0000018C  46							inc esi
 0000018D  E2 DE						LOOP checkCols
 0000018F  8B CB				mov ecx, ebx
 00000191  E2 D5				LOOP checkRows

					;check if there is an 'E' on the top row
 00000193  8B 75 10			mov esi, [ebp + i_BoardPtr]
 00000196  8B 4D 08			mov ecx, [ebp + i_NumCols]
 00000199				checkLastRowForE:
 00000199  80 3E 45				cmp [esi], byte PTR 'E'
 0000019C  74 1E				je invalidBoard
 0000019E  46					inc	esi
 0000019F  E2 F8				LOOP checkLastRowForE

					;check if there us an 'S' on the bottom row
					;get to bottom left cell	
 000001A1  FF 75 10			push [ebp + i_BoardPtr]
 000001A4  FF 75 0C			push [ebp + i_NumRows]
 000001A7  FF 75 08			push [ebp + i_NumCols]
 000001AA  E8 0000001C			call moveEsiToBottomLeft

 000001AF				checkFirstRowForS:
						;loop trough cells of first row
 000001AF  8B 4D 08				mov ecx, [ebp + i_NumCols]
 000001B2					lp2:
 000001B2  80 3E 53					cmp [esi], byte PTR 'S'
 000001B5  74 05					je invalidBoard
 000001B7  46						inc esi
 000001B8  E2 F8					LOOP lp2

					; if passed all checks, jump to end of procedure
 000001BA  EB 05			jmp endOfProc
					
					; if at any point an invalid cell value is found, will jump to here
 000001BC				invalidBoard:
 000001BC  B8 FFFFFFFF				mov eax, -1

 000001C1				endOfProc:
 000001C1  5A					pop edx
 000001C2  59					pop ecx
 000001C3  5B					pop ebx
 000001C4  5E					pop esi
 000001C5  8B E5				mov esp, ebp
 000001C7  5D					pop ebp
 000001C8  C2 000C				ret 12
 000001CB			checkboard ENDP

				; set ESI to point at the bottom left cell of the given board
				; parameters (boardPtr, numRows, numCols)
 000001CB			moveEsiToBottomLeft PROC
 = 00000008				i_NumCols = 8
 = 0000000C				i_NumRows = i_NumCols + 4
 = 00000010				i_BoardPtr = i_NumRows + 4

 000001CB  55				push ebp
 000001CC  8B EC			mov ebp, esp
 000001CE  51				push ecx

 000001CF  8B 75 10			mov esi, [ebp + i_BoardPtr]
 000001D2  8B 4D 0C			mov ecx, [ebp + i_NumRows]
 000001D5  49				dec ecx
 000001D6				nextRow:
 000001D6  03 75 08				add esi, [ebp + i_NumCols]
 000001D9  E2 FB				LOOP nextRow
						
 000001DB  59				pop ecx
 000001DC  8B E5			mov esp, ebp
 000001DE  5D				pop ebp
 000001DF  C2 000C			ret 12
 000001E2			moveEsiToBottomLeft ENDP

				; gets a pointer to a series of moves, and returns the next series
				; parameters (movesSeriesPtr, lengthOfSeries)
				; assumption: all values of the series are numbers between 1-6
 000001E2			nextmove PROC
 = 00000008				i_lengthOfSeries = 8
 = 0000000C				i_MovesSeriesPtr = i_lengthOfSeries + 4

 000001E2  55				push ebp
 000001E3  8B EC			mov ebp, esp
 000001E5  56				push esi
 000001E6  51				push ecx
 000001E7  53				push ebx

					; init EAX to 0, will be changed to 1 if series is 66...6
 000001E8  B8 00000000			mov eax, 0
 000001ED  8B 75 0C			mov esi, [ebp + i_MovesSeriesPtr]
 000001F0  8B 5D 08			mov ebx, [ebp + i_lengthOfSeries]
 000001F3  03 F3			add esi, ebx
 000001F5				incPrev:
 000001F5  4E					dec esi
 000001F6  3B 75 0C				cmp esi, [ebp + i_MovesSeriesPtr]
 000001F9  7C 0F				jl all6Series
 000001FB  80 3E 06				cmp [esi], byte PTR 6
 000001FE  7C 05				jl isLessThan6
 00000200  C6 06 01				mov [esi], byte PTR 1
 00000203  E2 F0				LOOP incPrev
					
 00000205				isLessThan6:
 00000205  80 06 01				add [esi], byte PTR 1
 00000208  EB 07				jmp endProc

 0000020A				all6Series:
 0000020A  B8 00000001				mov eax, 1
 0000020F  EB 00				jmp endProc

 00000211				endProc:
 00000211  5B				pop ebx
 00000212  59				pop ecx
 00000213  5E				pop esi
 00000214  8B E5			mov esp, ebp
 00000216  5D				pop ebp
 00000217  C2 0008			ret 8
 0000021A			nextmove ENDP

				; check if a given move series solves the board
				; parameters (moveSeriesPtr, rearrangedBoardPtr, numRows, numCols)
				; assumption: the board is valid and rearanged
 0000021A			checksolved PROC
 = 00000008				i_NumCols = 8
 = 0000000C				i_NumRows =  i_NumCols + 4
 = 00000010				i_rearrangedBoardPtr = i_NumRows + 4
 = 00000014				i_MovesSeriesPtr = i_rearrangedBoardPtr + 4

 =-00000004				moveNum = - 4
 =-00000008				currentScore = moveNum - 4

 0000021A  55				push ebp
 0000021B  8B EC			mov ebp, esp
					; init moveNum and score to 0
 0000021D  6A 00			push 0
 0000021F  6A 00			push 0

 00000221  56				push esi
 00000222  53				push ebx
 00000223  51				push ecx
 00000224  52				push edx

					;============================================ start making moves on the board ============================================
					;initialize the game
 00000225  8B 75 10			mov esi, [ebp + i_rearrangedBoardPtr]

 00000228				makeMove:
 00000228  8B 5D 14				mov ebx, [ebp + i_MovesSeriesPtr]
 0000022B  03 5D FC				add ebx, [ebp + moveNum]				;current move index - initialized to 0

 0000022E  0F BE 1B				movsx ebx, byte PTR [ebx] 						;get the current move value

 00000231  83 FB 3B				cmp ebx, ';'							;if all moves done (reached ';') end game
 00000234  74 69				je endOfMoves
					
 00000236  03 F3				add esi, ebx							;move esi position according to move value
 00000238  FE 45 FC				inc byte Ptr [ebp + moveNum]			;increment move counter
 0000023B  3B 35 0000006D R			cmp esi, lastCellOnBoard				;if passed the last cell on the board = error
 00000241  7F 69				jg passedLastCellOnBoard

 00000243				checkCurrCell:
 00000243  80 3E 45				cmp BYTE PTR [esi], 'E'
 00000246  74 0D				je E							;jump if the cell is 'E'
 00000248  80 3E 53				cmp BYTE PTR [esi], 'S'
 0000024B  74 31				je S							;jump if the cell is 'S'
					
						;if the current cell holds a digit add its value to score
 0000024D					digit:
 0000024D  0F BE 0E					movsx ecx, BYTE PTR [esi]	;add the value in current cell to score
 00000250  01 4D F8					add [ebp + currentScore], ecx
 00000253  EB D3					jmp makeMove				;else make another move

						;if the current cell is 'E' then move one row up and check the value of the cell again
						;the number of moves to make in order to go up one row: ((numCols -(currCell % numCols)) * 2) + 1
 00000255					E:
							;calculate: numCols - (currCell % numCols)
 00000255  BA 00000000					mov edx, 0
 0000025A  8B C6					mov eax, esi
 0000025C  2B 45 10					sub eax, [ebp + i_rearrangedBoardPtr]
 0000025F  0F BE 1D					movsx ebx, numCols
	   00000001 R
 00000266  F7 F3					div ebx
 00000268  0F BE 05					movsx eax, numCols
	   00000001 R
 0000026F  48						dec eax
 00000270  2B C2					sub eax, edx		;eax = numCols - (currCell % numCols)

							;calculate ((numCols -(esi % numCols)) * 2) + 1
 00000272  BB 00000002					mov ebx, 2
 00000277  F7 E3					mul ebx				;eax = ((numCols -(currCell % numCols)) * 2)
 00000279  40						inc eax				;eax = ((numCols -(currCell % numCols)) * 2) + 1
						
 0000027A  03 F0					add esi, eax		;move esi to row above on the board
 0000027C  EB C5					jmp checkCurrCell

						;if the current cell is 'S' then down one row and check the value of the cell again
						;the number of moves to make in order to go down one row: - ((currCell % numCols) * 2) + 1
 0000027E					S:
							;calculate (currCell % numCols)
 0000027E  BA 00000000					mov edx, 0
 00000283  8B C6					mov eax, esi
 00000285  2B 45 10					sub eax, [ebp + i_rearrangedBoardPtr]
 00000288  0F BE 1D					movsx ebx, numCols
	   00000001 R
 0000028F  F7 F3					div ebx
 00000291  8B C2					mov eax, edx	;eax = (currCell % numCols)

							;calculate ((esi % numCols) * 2) + 1
 00000293  BB 00000002					mov ebx, 2
 00000298  F7 E3					mul ebx			;eax = ((currCell % numCols) * 2)
 0000029A  40						inc eax			;eax = ((currCell % numCols) * 2) + 1

 0000029B  2B F0					sub esi, eax	;move esi to row below on the board
 0000029D  EB A4					jmp checkCurrCell

						;player has played all moves
 0000029F					endOfMoves:
 0000029F  39 35 0000006D R				cmp lastCellOnBoard, esi
 000002A5  75 0C					jne outOfMoves		
 000002A7  8B 45 F8					mov eax, [ebp + currentScore]			;last cell reached on last move => player won
 000002AA  EB 0E					jmp endOfProc

						;============================================ errors ============================================

						;the player has passed the last cell on the board
 000002AC					passedLastCellOnBoard:
 000002AC  B8 FFFFFFFF					mov eax, -1
 000002B1  EB 07					jmp endOfProc

						;the player has run out of moves before reaching the last cell on the board
 000002B3					outOfMoves:
 000002B3  B8 FFFFFFFF					mov eax, -1
 000002B8  EB 00					jmp endOfProc

 000002BA				endOfProc:
 000002BA  5A					pop edx
 000002BB  59					pop ecx
 000002BC  5B					pop ebx
 000002BD  5E					pop esi

 000002BE  8B E5				mov esp, ebp
 000002C0  5D					pop ebp
 000002C1  C2 0010				ret 16		
 000002C4			checksolved ENDP

				; find the shortest series that solves the board and write it in moveSeries
				; parameters (moveSeriesPtr, nomoves, rearrangedBoardPtr, numRows, numCols)
				; assumption: the board is valid and rearanged
 000002C4			findshortseries PROC
 = 00000008				i_NumCols = 8
 = 0000000C				i_NumRows = i_NumCols + 4
 = 00000010				i_rearrangedBoardPtr = i_NumRows + 4
 = 00000014				i_Nomoves = i_rearrangedBoardPtr + 4
 = 00000018				i_MovesSeriesPtr = i_Nomoves + 4

 =-00000004				lengthOfSeries = -4

 000002C4  55				push ebp
 000002C5  8B EC			mov ebp, esp
					; init lengthOfSeries
 000002C7  6A 01			push 1

 000002C9  53				push ebx
					; init moveSeries 
 000002CA  8B 5D 18			mov ebx, [ebp + i_MovesSeriesPtr]
 000002CD  C6 03 01			mov [ebx], byte PTR 1
 000002D0  43				inc ebx
 000002D1  C6 03 3B			mov [ebx], byte PTR ';'

 000002D4				loop1:
 000002D4  FF 75 18				push [ebp + i_MovesSeriesPtr]
 000002D7  FF 75 10				push [ebp + i_rearrangedBoardPtr]
 000002DA  FF 75 0C				push [ebp + i_NumRows]
 000002DD  FF 75 08				push [ebp + i_NumCols]
 000002E0  E8 FFFFFF35				call checksolved
 000002E5  83 F8 FF				cmp eax, -1
 000002E8  75 2C				jne solved

 000002EA  FF 75 18				push [ebp + i_MovesSeriesPtr]
 000002ED  FF 75 FC				push [ebp + lengthOfSeries]
 000002F0  E8 FFFFFEED				call nextMove
 000002F5  83 F8 01				cmp eax, 1
 000002F8  74 02				je incSeriesLength
 000002FA  E2 D8				LOOP loop1

 000002FC				incSeriesLength:
 000002FC  8B 5D 14				mov	ebx, [ebp + i_Nomoves]
 000002FF  3B 5D FC				cmp ebx, [ebp + lengthOfSeries]
 00000302  74 14				je noPossibleSolution

 00000304  8B 5D 18				mov ebx, [ebp + i_MovesSeriesPtr]
 00000307  03 5D FC				add ebx, [ebp + lengthOfSeries]
 0000030A  C6 03 01				mov [ebx], byte PTR 1
 0000030D  43					inc ebx
 0000030E  C6 03 3B				mov [ebx], byte PTR ';'

 00000311  FE 45 FC				inc byte PTR [ebp + lengthOfSeries]
 00000314  E2 BE				LOOP loop1

 00000316				solved:		
 00000316  EB 09				jmp endOfProc
					
 00000318				noPossibleSolution:
 00000318  C6 45 18 FF				mov [ebp + i_MovesSeriesPtr], sbyte PTR -1
 0000031C  B8 FFFFFFFF				mov eax, -1

 00000321				endOfProc:
 00000321  5B					pop ebx

 00000322  8B E5				mov esp, ebp
 00000324  5D					pop ebp
 00000325  C2 0014				ret 20
 00000328			findshortseries ENDP

				END myMain
Microsoft (R) Macro Assembler Version 14.10.25019.0	    06/03/17 00:18:28
ex							     Symbols 2 - 1




Structures and Unions:

                N a m e                  Size
                                         Offset      Type

CONSOLE_CURSOR_INFO  . . . . . .	 00000008
  dwSize . . . . . . . . . . . .	 00000000	 DWord
  bVisible . . . . . . . . . . .	 00000004	 DWord
CONSOLE_SCREEN_BUFFER_INFO . . .	 00000016
  dwSize . . . . . . . . . . . .	 00000000	 DWord
  dwCursorPosition . . . . . . .	 00000004	 DWord
  wAttributes  . . . . . . . . .	 00000008	 Word
  srWindow . . . . . . . . . . .	 0000000A	 QWord
  dwMaximumWindowSize  . . . . .	 00000012	 DWord
COORD  . . . . . . . . . . . . .	 00000004
  X  . . . . . . . . . . . . . .	 00000000	 Word
  Y  . . . . . . . . . . . . . .	 00000002	 Word
FILETIME . . . . . . . . . . . .	 00000008
  loDateTime . . . . . . . . . .	 00000000	 DWord
  hiDateTime . . . . . . . . . .	 00000004	 DWord
FOCUS_EVENT_RECORD . . . . . . .	 00000004
  bSetFocus  . . . . . . . . . .	 00000000	 DWord
FPU_ENVIRON  . . . . . . . . . .	 0000001C
  controlWord  . . . . . . . . .	 00000000	 Word
  statusWord . . . . . . . . . .	 00000004	 Word
  tagWord  . . . . . . . . . . .	 00000008	 Word
  instrPointerOffset . . . . . .	 0000000C	 DWord
  instrPointerSelector . . . . .	 00000010	 DWord
  operandPointerOffset . . . . .	 00000014	 DWord
  operandPointerSelector . . . .	 00000018	 Word
INPUT_RECORD . . . . . . . . . .	 00000014
  EventType  . . . . . . . . . .	 00000000	 Word
  Event  . . . . . . . . . . . .	 00000004	 XmmWord
  bKeyDown . . . . . . . . . . .	 00000000	 DWord
  wRepeatCount . . . . . . . . .	 00000004	 Word
  wVirtualKeyCode  . . . . . . .	 00000006	 Word
  wVirtualScanCode . . . . . . .	 00000008	 Word
  uChar  . . . . . . . . . . . .	 0000000A	 Word
  UnicodeChar  . . . . . . . . .	 00000000	 Word
  AsciiChar  . . . . . . . . . .	 00000000	 Byte
  dwControlKeyState  . . . . . .	 0000000C	 DWord
  dwMousePosition  . . . . . . .	 00000000	 DWord
  dwButtonState  . . . . . . . .	 00000004	 DWord
  dwMouseControlKeyState . . . .	 00000008	 DWord
  dwEventFlags . . . . . . . . .	 0000000C	 DWord
  dwSize . . . . . . . . . . . .	 00000000	 DWord
  dwCommandId  . . . . . . . . .	 00000000	 DWord
  bSetFocus  . . . . . . . . . .	 00000000	 DWord
KEY_EVENT_RECORD . . . . . . . .	 00000010
  bKeyDown . . . . . . . . . . .	 00000000	 DWord
  wRepeatCount . . . . . . . . .	 00000004	 Word
  wVirtualKeyCode  . . . . . . .	 00000006	 Word
  wVirtualScanCode . . . . . . .	 00000008	 Word
  uChar  . . . . . . . . . . . .	 0000000A	 Word
  UnicodeChar  . . . . . . . . .	 00000000	 Word
  AsciiChar  . . . . . . . . . .	 00000000	 Byte
  dwControlKeyState  . . . . . .	 0000000C	 DWord
MENU_EVENT_RECORD  . . . . . . .	 00000004
  dwCommandId  . . . . . . . . .	 00000000	 DWord
MOUSE_EVENT_RECORD . . . . . . .	 00000010
  dwMousePosition  . . . . . . .	 00000000	 DWord
  dwButtonState  . . . . . . . .	 00000004	 DWord
  dwMouseControlKeyState . . . .	 00000008	 DWord
  dwEventFlags . . . . . . . . .	 0000000C	 DWord
SMALL_RECT . . . . . . . . . . .	 00000008
  Left . . . . . . . . . . . . .	 00000000	 Word
  Top  . . . . . . . . . . . . .	 00000002	 Word
  Right  . . . . . . . . . . . .	 00000004	 Word
  Bottom . . . . . . . . . . . .	 00000006	 Word
SYSTEMTIME . . . . . . . . . . .	 00000010
  wYear  . . . . . . . . . . . .	 00000000	 Word
  wMonth . . . . . . . . . . . .	 00000002	 Word
  wDayOfWeek . . . . . . . . . .	 00000004	 Word
  wDay . . . . . . . . . . . . .	 00000006	 Word
  wHour  . . . . . . . . . . . .	 00000008	 Word
  wMinute  . . . . . . . . . . .	 0000000A	 Word
  wSecond  . . . . . . . . . . .	 0000000C	 Word
  wMilliseconds  . . . . . . . .	 0000000E	 Word
WINDOW_BUFFER_SIZE_RECORD  . . .	 00000004
  dwSize . . . . . . . . . . . .	 00000000	 DWord


Segments and Groups:

                N a m e                 Size     Length   Align   Combine Class

FLAT . . . . . . . . . . . . . .	GROUP
STACK  . . . . . . . . . . . . .	32 Bit	 00001000 Para	  Stack	  'STACK'	 
_DATA  . . . . . . . . . . . . .	32 Bit	 00000075 Para	  Public  'DATA'	
_TEXT  . . . . . . . . . . . . .	32 Bit	 00000328 Para	  Public  'CODE'	


Procedures, parameters, and locals:

                N a m e                 Type     Value    Attr

CloseFile  . . . . . . . . . . .	P Near	 00000000 FLAT	Length= 00000000 External STDCALL
CloseHandle  . . . . . . . . . .	P Near	 00000000 FLAT	Length= 00000000 External STDCALL
Clrscr . . . . . . . . . . . . .	P Near	 00000000 FLAT	Length= 00000000 External STDCALL
CreateFileA  . . . . . . . . . .	P Near	 00000000 FLAT	Length= 00000000 External STDCALL
CreateOutputFile . . . . . . . .	P Near	 00000000 FLAT	Length= 00000000 External STDCALL
Crlf . . . . . . . . . . . . . .	P Near	 00000000 FLAT	Length= 00000000 External STDCALL
Delay  . . . . . . . . . . . . .	P Near	 00000000 FLAT	Length= 00000000 External STDCALL
DumpMem  . . . . . . . . . . . .	P Near	 00000000 FLAT	Length= 00000000 External STDCALL
DumpRegs . . . . . . . . . . . .	P Near	 00000000 FLAT	Length= 00000000 External STDCALL
ExitProcess  . . . . . . . . . .	P Near	 00000000 FLAT	Length= 00000000 External STDCALL
FileTimeToDosDateTime  . . . . .	P Near	 00000000 FLAT	Length= 00000000 External STDCALL
FileTimeToSystemTime . . . . . .	P Near	 00000000 FLAT	Length= 00000000 External STDCALL
FlushConsoleInputBuffer  . . . .	P Near	 00000000 FLAT	Length= 00000000 External STDCALL
FormatMessageA . . . . . . . . .	P Near	 00000000 FLAT	Length= 00000000 External STDCALL
GetCommandLineA  . . . . . . . .	P Near	 00000000 FLAT	Length= 00000000 External STDCALL
GetCommandTail . . . . . . . . .	P Near	 00000000 FLAT	Length= 00000000 External STDCALL
GetConsoleCP . . . . . . . . . .	P Near	 00000000 FLAT	Length= 00000000 External STDCALL
GetConsoleCursorInfo . . . . . .	P Near	 00000000 FLAT	Length= 00000000 External STDCALL
GetConsoleMode . . . . . . . . .	P Near	 00000000 FLAT	Length= 00000000 External STDCALL
GetConsoleScreenBufferInfo . . .	P Near	 00000000 FLAT	Length= 00000000 External STDCALL
GetDateTime  . . . . . . . . . .	P Near	 00000000 FLAT	Length= 00000000 External STDCALL
GetFileTime  . . . . . . . . . .	P Near	 00000000 FLAT	Length= 00000000 External STDCALL
GetKeyState  . . . . . . . . . .	P Near	 00000000 FLAT	Length= 00000000 External STDCALL
GetLastError . . . . . . . . . .	P Near	 00000000 FLAT	Length= 00000000 External STDCALL
GetLocalTime . . . . . . . . . .	P Near	 00000000 FLAT	Length= 00000000 External STDCALL
GetMaxXY . . . . . . . . . . . .	P Near	 00000000 FLAT	Length= 00000000 External STDCALL
GetMseconds  . . . . . . . . . .	P Near	 00000000 FLAT	Length= 00000000 External STDCALL
GetNumberOfConsoleInputEvents  .	P Near	 00000000 FLAT	Length= 00000000 External STDCALL
GetProcessHeap . . . . . . . . .	P Near	 00000000 FLAT	Length= 00000000 External STDCALL
GetStdHandle . . . . . . . . . .	P Near	 00000000 FLAT	Length= 00000000 External STDCALL
GetSystemTime  . . . . . . . . .	P Near	 00000000 FLAT	Length= 00000000 External STDCALL
GetTextColor . . . . . . . . . .	P Near	 00000000 FLAT	Length= 00000000 External STDCALL
GetTickCount . . . . . . . . . .	P Near	 00000000 FLAT	Length= 00000000 External STDCALL
Gotoxy . . . . . . . . . . . . .	P Near	 00000000 FLAT	Length= 00000000 External STDCALL
HeapAlloc  . . . . . . . . . . .	P Near	 00000000 FLAT	Length= 00000000 External STDCALL
HeapCreate . . . . . . . . . . .	P Near	 00000000 FLAT	Length= 00000000 External STDCALL
HeapDestroy  . . . . . . . . . .	P Near	 00000000 FLAT	Length= 00000000 External STDCALL
HeapFree . . . . . . . . . . . .	P Near	 00000000 FLAT	Length= 00000000 External STDCALL
HeapSize . . . . . . . . . . . .	P Near	 00000000 FLAT	Length= 00000000 External STDCALL
IsDigit  . . . . . . . . . . . .	P Near	 00000000 FLAT	Length= 00000000 External STDCALL
LocalFree  . . . . . . . . . . .	P Near	 00000000 FLAT	Length= 00000000 External STDCALL
MessageBoxA  . . . . . . . . . .	P Near	 00000000 FLAT	Length= 00000000 External STDCALL
MsgBoxAsk  . . . . . . . . . . .	P Near	 00000000 FLAT	Length= 00000000 External STDCALL
MsgBox . . . . . . . . . . . . .	P Near	 00000000 FLAT	Length= 00000000 External STDCALL
OpenInputFile  . . . . . . . . .	P Near	 00000000 FLAT	Length= 00000000 External STDCALL
ParseDecimal32 . . . . . . . . .	P Near	 00000000 FLAT	Length= 00000000 External STDCALL
ParseInteger32 . . . . . . . . .	P Near	 00000000 FLAT	Length= 00000000 External STDCALL
PeekConsoleInputA  . . . . . . .	P Near	 00000000 FLAT	Length= 00000000 External STDCALL
Random32 . . . . . . . . . . . .	P Near	 00000000 FLAT	Length= 00000000 External STDCALL
RandomRange  . . . . . . . . . .	P Near	 00000000 FLAT	Length= 00000000 External STDCALL
Randomize  . . . . . . . . . . .	P Near	 00000000 FLAT	Length= 00000000 External STDCALL
ReadChar . . . . . . . . . . . .	P Near	 00000000 FLAT	Length= 00000000 External STDCALL
ReadConsoleA . . . . . . . . . .	P Near	 00000000 FLAT	Length= 00000000 External STDCALL
ReadConsoleInputA  . . . . . . .	P Near	 00000000 FLAT	Length= 00000000 External STDCALL
ReadDec  . . . . . . . . . . . .	P Near	 00000000 FLAT	Length= 00000000 External STDCALL
ReadFile . . . . . . . . . . . .	P Near	 00000000 FLAT	Length= 00000000 External STDCALL
ReadFloat  . . . . . . . . . . .	P Near	 00000000 FLAT	Length= 00000000 External STDCALL
ReadFromFile . . . . . . . . . .	P Near	 00000000 FLAT	Length= 00000000 External STDCALL
ReadHex  . . . . . . . . . . . .	P Near	 00000000 FLAT	Length= 00000000 External STDCALL
ReadInt  . . . . . . . . . . . .	P Near	 00000000 FLAT	Length= 00000000 External STDCALL
ReadKeyFlush . . . . . . . . . .	P Near	 00000000 FLAT	Length= 00000000 External STDCALL
ReadKey  . . . . . . . . . . . .	P Near	 00000000 FLAT	Length= 00000000 External STDCALL
ReadString . . . . . . . . . . .	P Near	 00000000 FLAT	Length= 00000000 External STDCALL
SetConsoleCursorInfo . . . . . .	P Near	 00000000 FLAT	Length= 00000000 External STDCALL
SetConsoleCursorPosition . . . .	P Near	 00000000 FLAT	Length= 00000000 External STDCALL
SetConsoleMode . . . . . . . . .	P Near	 00000000 FLAT	Length= 00000000 External STDCALL
SetConsoleScreenBufferSize . . .	P Near	 00000000 FLAT	Length= 00000000 External STDCALL
SetConsoleTextAttribute  . . . .	P Near	 00000000 FLAT	Length= 00000000 External STDCALL
SetConsoleTitleA . . . . . . . .	P Near	 00000000 FLAT	Length= 00000000 External STDCALL
SetConsoleWindowInfo . . . . . .	P Near	 00000000 FLAT	Length= 00000000 External STDCALL
SetFilePointer . . . . . . . . .	P Near	 00000000 FLAT	Length= 00000000 External STDCALL
SetLocalTime . . . . . . . . . .	P Near	 00000000 FLAT	Length= 00000000 External STDCALL
SetTextColor . . . . . . . . . .	P Near	 00000000 FLAT	Length= 00000000 External STDCALL
ShowFPUStack . . . . . . . . . .	P Near	 00000000 FLAT	Length= 00000000 External STDCALL
Sleep  . . . . . . . . . . . . .	P Near	 00000000 FLAT	Length= 00000000 External STDCALL
StrLength  . . . . . . . . . . .	P Near	 00000000 FLAT	Length= 00000000 External STDCALL
Str_compare  . . . . . . . . . .	P Near	 00000000 FLAT	Length= 00000000 External STDCALL
Str_copy . . . . . . . . . . . .	P Near	 00000000 FLAT	Length= 00000000 External STDCALL
Str_length . . . . . . . . . . .	P Near	 00000000 FLAT	Length= 00000000 External STDCALL
Str_trim . . . . . . . . . . . .	P Near	 00000000 FLAT	Length= 00000000 External STDCALL
Str_ucase  . . . . . . . . . . .	P Near	 00000000 FLAT	Length= 00000000 External STDCALL
SystemTimeToFileTime . . . . . .	P Near	 00000000 FLAT	Length= 00000000 External STDCALL
WaitMsg  . . . . . . . . . . . .	P Near	 00000000 FLAT	Length= 00000000 External STDCALL
WriteBinB  . . . . . . . . . . .	P Near	 00000000 FLAT	Length= 00000000 External STDCALL
WriteBin . . . . . . . . . . . .	P Near	 00000000 FLAT	Length= 00000000 External STDCALL
WriteChar  . . . . . . . . . . .	P Near	 00000000 FLAT	Length= 00000000 External STDCALL
WriteConsoleA  . . . . . . . . .	P Near	 00000000 FLAT	Length= 00000000 External STDCALL
WriteConsoleOutputAttribute  . .	P Near	 00000000 FLAT	Length= 00000000 External STDCALL
WriteConsoleOutputCharacterA . .	P Near	 00000000 FLAT	Length= 00000000 External STDCALL
WriteDec . . . . . . . . . . . .	P Near	 00000000 FLAT	Length= 00000000 External STDCALL
WriteFile  . . . . . . . . . . .	P Near	 00000000 FLAT	Length= 00000000 External STDCALL
WriteFloat . . . . . . . . . . .	P Near	 00000000 FLAT	Length= 00000000 External STDCALL
WriteHexB  . . . . . . . . . . .	P Near	 00000000 FLAT	Length= 00000000 External STDCALL
WriteHex . . . . . . . . . . . .	P Near	 00000000 FLAT	Length= 00000000 External STDCALL
WriteInt . . . . . . . . . . . .	P Near	 00000000 FLAT	Length= 00000000 External STDCALL
WriteStackFrameName  . . . . . .	P Near	 00000000 FLAT	Length= 00000000 External STDCALL
WriteStackFrame  . . . . . . . .	P Near	 00000000 FLAT	Length= 00000000 External STDCALL
WriteString  . . . . . . . . . .	P Near	 00000000 FLAT	Length= 00000000 External STDCALL
WriteToFile  . . . . . . . . . .	P Near	 00000000 FLAT	Length= 00000000 External STDCALL
WriteWindowsMsg  . . . . . . . .	P Near	 00000000 FLAT	Length= 00000000 External STDCALL
checkboard . . . . . . . . . . .	P Near	 00000156 _TEXT	Length= 00000075 Public STDCALL
  checkRows  . . . . . . . . . .	L Near	 00000168 _TEXT	
  checkCols  . . . . . . . . . .	L Near	 0000016D _TEXT	
  notS . . . . . . . . . . . . .	L Near	 0000017D _TEXT	
  nextCol  . . . . . . . . . . .	L Near	 0000018C _TEXT	
  checkLastRowForE . . . . . . .	L Near	 00000199 _TEXT	
  checkFirstRowForS  . . . . . .	L Near	 000001AF _TEXT	
  lp2  . . . . . . . . . . . . .	L Near	 000001B2 _TEXT	
  invalidBoard . . . . . . . . .	L Near	 000001BC _TEXT	
  endOfProc  . . . . . . . . . .	L Near	 000001C1 _TEXT	
checksolved  . . . . . . . . . .	P Near	 0000021A _TEXT	Length= 000000AA Public STDCALL
  makeMove . . . . . . . . . . .	L Near	 00000228 _TEXT	
  checkCurrCell  . . . . . . . .	L Near	 00000243 _TEXT	
  digit  . . . . . . . . . . . .	L Near	 0000024D _TEXT	
  E  . . . . . . . . . . . . . .	L Near	 00000255 _TEXT	
  S  . . . . . . . . . . . . . .	L Near	 0000027E _TEXT	
  endOfMoves . . . . . . . . . .	L Near	 0000029F _TEXT	
  passedLastCellOnBoard  . . . .	L Near	 000002AC _TEXT	
  outOfMoves . . . . . . . . . .	L Near	 000002B3 _TEXT	
  endOfProc  . . . . . . . . . .	L Near	 000002BA _TEXT	
copyAndRearangeBoard . . . . . .	P Near	 000000B9 _TEXT	Length= 0000009D Public STDCALL
  nextRow  . . . . . . . . . . .	L Near	 000000DE _TEXT	
  copyOddRow . . . . . . . . . .	L Near	 000000F7 _TEXT	
  copyCell1  . . . . . . . . . .	L Near	 00000108 _TEXT	
  copyEvenRow  . . . . . . . . .	L Near	 00000122 _TEXT	
  copyCell2  . . . . . . . . . .	L Near	 00000129 _TEXT	
  endOfCopy  . . . . . . . . . .	L Near	 00000144 _TEXT	
findshortseries  . . . . . . . .	P Near	 000002C4 _TEXT	Length= 00000064 Public STDCALL
  loop1  . . . . . . . . . . . .	L Near	 000002D4 _TEXT	
  incSeriesLength  . . . . . . .	L Near	 000002FC _TEXT	
  solved . . . . . . . . . . . .	L Near	 00000316 _TEXT	
  noPossibleSolution . . . . . .	L Near	 00000318 _TEXT	
  endOfProc  . . . . . . . . . .	L Near	 00000321 _TEXT	
moveEsiToBottomLeft  . . . . . .	P Near	 000001CB _TEXT	Length= 00000017 Public STDCALL
  nextRow  . . . . . . . . . . .	L Near	 000001D6 _TEXT	
myMain . . . . . . . . . . . . .	P Near	 00000000 _TEXT	Length= 000000B9 Public STDCALL
  invalidBoard . . . . . . . . .	L Near	 00000055 _TEXT	
  gameEnded  . . . . . . . . . .	L Near	 00000066 _TEXT	
nextmove . . . . . . . . . . . .	P Near	 000001E2 _TEXT	Length= 00000038 Public STDCALL
  incPrev  . . . . . . . . . . .	L Near	 000001F5 _TEXT	
  isLessThan6  . . . . . . . . .	L Near	 00000205 _TEXT	
  all6Series . . . . . . . . . .	L Near	 0000020A _TEXT	
  endProc  . . . . . . . . . . .	L Near	 00000211 _TEXT	
printf . . . . . . . . . . . . .	P Near	 00000000 FLAT	Length= 00000000 External C
scanf  . . . . . . . . . . . . .	P Near	 00000000 FLAT	Length= 00000000 External C
wsprintfA  . . . . . . . . . . .	P Near	 00000000 FLAT	Length= 00000000 External C


Symbols:

                N a m e                 Type     Value    Attr

@CodeSize  . . . . . . . . . . .	Number	 00000000h   
@DataSize  . . . . . . . . . . .	Number	 00000000h   
@Interface . . . . . . . . . . .	Number	 00000003h   
@Model . . . . . . . . . . . . .	Number	 00000007h   
@code  . . . . . . . . . . . . .	Text   	 _TEXT
@data  . . . . . . . . . . . . .	Text   	 FLAT
@fardata?  . . . . . . . . . . .	Text   	 FLAT
@fardata . . . . . . . . . . . .	Text   	 FLAT
@stack . . . . . . . . . . . . .	Text   	 FLAT
ALT_MASK . . . . . . . . . . . .	Number	 00000003h   
CAPSLOCK_ON  . . . . . . . . . .	Number	 00000080h   
CREATE_ALWAYS  . . . . . . . . .	Number	 00000002h   
CREATE_NEW . . . . . . . . . . .	Number	 00000001h   
CTRL_MASK  . . . . . . . . . . .	Number	 0000000Ch   
CreateFile . . . . . . . . . . .	Text   	 CreateFileA
DO_NOT_SHARE . . . . . . . . . .	Number	 00000000h   
ENABLE_ECHO_INPUT  . . . . . . .	Number	 00000004h   
ENABLE_LINE_INPUT  . . . . . . .	Number	 00000002h   
ENABLE_MOUSE_INPUT . . . . . . .	Number	 00000010h   
ENABLE_PROCESSED_INPUT . . . . .	Number	 00000001h   
ENABLE_PROCESSED_OUTPUT  . . . .	Number	 00000001h   
ENABLE_WINDOW_INPUT  . . . . . .	Number	 00000008h   
ENABLE_WRAP_AT_EOL_OUTPUT  . . .	Number	 00000002h   
ENHANCED_KEY . . . . . . . . . .	Number	 00000100h   
FALSE  . . . . . . . . . . . . .	Number	 00000000h   
FILE_APPEND_DATA . . . . . . . .	Number	 00000004h   
FILE_ATTRIBUTE_ARCHIVE . . . . .	Number	 00000020h   
FILE_ATTRIBUTE_COMPRESSED  . . .	Number	 00000800h   
FILE_ATTRIBUTE_DEVICE  . . . . .	Number	 00000040h   
FILE_ATTRIBUTE_DIRECTORY . . . .	Number	 00000010h   
FILE_ATTRIBUTE_ENCRYPTED . . . .	Number	 00004000h   
FILE_ATTRIBUTE_HIDDEN  . . . . .	Number	 00000002h   
FILE_ATTRIBUTE_NORMAL  . . . . .	Number	 00000080h   
FILE_ATTRIBUTE_NOT_CONTENT_INDEXED .	Number	 00002000h   
FILE_ATTRIBUTE_OFFLINE . . . . .	Number	 00001000h   
FILE_ATTRIBUTE_READONLY  . . . .	Number	 00000001h   
FILE_ATTRIBUTE_REPARSE_POINT . .	Number	 00000400h   
FILE_ATTRIBUTE_SPARSE_FILE . . .	Number	 00000200h   
FILE_ATTRIBUTE_SYSTEM  . . . . .	Number	 00000004h   
FILE_ATTRIBUTE_TEMPORARY . . . .	Number	 00000100h   
FILE_BEGIN . . . . . . . . . . .	Number	 00000000h   
FILE_CURRENT . . . . . . . . . .	Number	 00000001h   
FILE_DELETE_CHILD  . . . . . . .	Number	 00000040h   
FILE_END . . . . . . . . . . . .	Number	 00000002h   
FILE_READ_DATA . . . . . . . . .	Number	 00000001h   
FILE_SHARE_DELETE  . . . . . . .	Number	 00000004h   
FILE_SHARE_READ  . . . . . . . .	Number	 00000001h   
FILE_SHARE_WRITE . . . . . . . .	Number	 00000002h   
FILE_WRITE_DATA  . . . . . . . .	Number	 00000002h   
FOCUS_EVENT  . . . . . . . . . .	Number	 00000010h   
FORMAT_MESSAGE_ALLOCATE_BUFFER .	Number	 00000100h   
FORMAT_MESSAGE_FROM_SYSTEM . . .	Number	 00001000h   
FormatMessage  . . . . . . . . .	Text   	 FormatMessageA
GENERIC_ALL  . . . . . . . . . .	Number	 10000000h   
GENERIC_EXECUTE  . . . . . . . .	Number	 20000000h   
GENERIC_READ . . . . . . . . . .	Number	 -80000000h   
GENERIC_WRITE  . . . . . . . . .	Number	 40000000h   
GetCommandLine . . . . . . . . .	Text   	 GetCommandLineA
HANDLE . . . . . . . . . . . . .	Text   	 DWORD
HEAP_GENERATE_EXCEPTIONS . . . .	Number	 00000004h   
HEAP_GROWABLE  . . . . . . . . .	Number	 00000002h   
HEAP_NO_SERIALIZE  . . . . . . .	Number	 00000001h   
HEAP_REALLOC_IN_PLACE_ONLY . . .	Number	 00000010h   
HEAP_ZERO_MEMORY . . . . . . . .	Number	 00000008h   
IDABORT  . . . . . . . . . . . .	Number	 00000003h   
IDCANCEL . . . . . . . . . . . .	Number	 00000002h   
IDCLOSE  . . . . . . . . . . . .	Number	 00000008h   
IDCONTINUE . . . . . . . . . . .	Number	 0000000Bh   
IDHELP . . . . . . . . . . . . .	Number	 00000009h   
IDIGNORE . . . . . . . . . . . .	Number	 00000005h   
IDNO . . . . . . . . . . . . . .	Number	 00000007h   
IDOK . . . . . . . . . . . . . .	Number	 00000001h   
IDRETRY  . . . . . . . . . . . .	Number	 00000004h   
IDTIMEOUT  . . . . . . . . . . .	Number	 00007D00h   
IDTRYAGAIN . . . . . . . . . . .	Number	 0000000Ah   
IDYES  . . . . . . . . . . . . .	Number	 00000006h   
INVALID_HANDLE_VALUE . . . . . .	Number	 -00000001h   
KBDOWN_FLAG  . . . . . . . . . .	Number	 00000001h   
KEY_EVENT  . . . . . . . . . . .	Number	 00000001h   
KEY_MASKS  . . . . . . . . . . .	Number	 0000001Fh   
LEFT_ALT_PRESSED . . . . . . . .	Number	 00000002h   
LEFT_CTRL_PRESSED  . . . . . . .	Number	 00000008h   
MAX_DIGIT  . . . . . . . . . . .	Number	 00000028h   
MB_ABORTRETRYIGNORE  . . . . . .	Number	 00000002h   
MB_APPLMODAL . . . . . . . . . .	Number	 00000000h   
MB_CANCELTRYCONTINUE . . . . . .	Number	 00000006h   
MB_DEFBUTTON1  . . . . . . . . .	Number	 00000000h   
MB_DEFBUTTON2  . . . . . . . . .	Number	 00000100h   
MB_DEFBUTTON3  . . . . . . . . .	Number	 00000200h   
MB_DEFBUTTON4  . . . . . . . . .	Number	 00000300h   
MB_HELP  . . . . . . . . . . . .	Number	 00004000h   
MB_ICONASTERISK  . . . . . . . .	Number	 00000040h   
MB_ICONERROR . . . . . . . . . .	Number	 00000010h   
MB_ICONEXCLAMATION . . . . . . .	Number	 00000030h   
MB_ICONHAND  . . . . . . . . . .	Number	 00000010h   
MB_ICONINFORMATION . . . . . . .	Number	 00000040h   
MB_ICONQUESTION  . . . . . . . .	Number	 00000020h   
MB_ICONSTOP  . . . . . . . . . .	Number	 00000010h   
MB_ICONWARNING . . . . . . . . .	Number	 00000030h   
MB_OKCANCEL  . . . . . . . . . .	Number	 00000001h   
MB_OK  . . . . . . . . . . . . .	Number	 00000000h   
MB_RETRYCANCEL . . . . . . . . .	Number	 00000005h   
MB_SYSTEMMODAL . . . . . . . . .	Number	 00001000h   
MB_TASKMODAL . . . . . . . . . .	Number	 00002000h   
MB_USERICON  . . . . . . . . . .	Number	 00000080h   
MB_YESNOCANCEL . . . . . . . . .	Number	 00000003h   
MB_YESNO . . . . . . . . . . . .	Number	 00000004h   
MENU_EVENT . . . . . . . . . . .	Number	 00000008h   
MIN_DIGIT  . . . . . . . . . . .	Number	 00000001h   
MOUSE_EVENT  . . . . . . . . . .	Number	 00000002h   
MessageBox . . . . . . . . . . .	Text   	 MessageBoxA
NULL . . . . . . . . . . . . . .	Number	 00000000h   
NUMLOCK_ON . . . . . . . . . . .	Number	 00000020h   
OPEN_ALWAYS  . . . . . . . . . .	Number	 00000004h   
OPEN_EXISTING  . . . . . . . . .	Number	 00000003h   
PeekConsoleInput . . . . . . . .	Text   	 PeekConsoleInputA
RIGHT_ALT_PRESSED  . . . . . . .	Number	 00000001h   
RIGHT_CTRL_PRESSED . . . . . . .	Number	 00000004h   
ReadConsoleInput . . . . . . . .	Text   	 ReadConsoleInputA
ReadConsole  . . . . . . . . . .	Text   	 ReadConsoleA
SCROLLLOCK_ON  . . . . . . . . .	Number	 00000040h   
SHIFT_MASK . . . . . . . . . . .	Number	 00000010h   
SHIFT_PRESSED  . . . . . . . . .	Number	 00000010h   
STD_ERROR_HANDLE . . . . . . . .	Number	 -0000000Ch   
STD_INPUT_HANDLE . . . . . . . .	Number	 -0000000Ah   
STD_OUTPUT_HANDLE  . . . . . . .	Number	 -0000000Bh   
SetConsoleTitle  . . . . . . . .	Text   	 SetConsoleTitleA
TAB  . . . . . . . . . . . . . .	Number	 00000009h   
TRUE . . . . . . . . . . . . . .	Number	 00000001h   
TRUNCATE_EXISTING  . . . . . . .	Number	 00000005h   
VK_11  . . . . . . . . . . . . .	Number	 000000BDh   
VK_12  . . . . . . . . . . . . .	Number	 000000BBh   
VK_ADD . . . . . . . . . . . . .	Number	 0000006Bh   
VK_BACK  . . . . . . . . . . . .	Number	 00000008h   
VK_CANCEL  . . . . . . . . . . .	Number	 00000003h   
VK_CAPITAL . . . . . . . . . . .	Number	 00000014h   
VK_CLEAR . . . . . . . . . . . .	Number	 0000000Ch   
VK_CONTROL . . . . . . . . . . .	Number	 00000011h   
VK_DECIMAL . . . . . . . . . . .	Number	 0000006Eh   
VK_DELETE  . . . . . . . . . . .	Number	 0000002Eh   
VK_DIVIDE  . . . . . . . . . . .	Number	 0000006Fh   
VK_DOWN  . . . . . . . . . . . .	Number	 00000028h   
VK_END . . . . . . . . . . . . .	Number	 00000023h   
VK_ESCAPE  . . . . . . . . . . .	Number	 0000001Bh   
VK_EXECUTE . . . . . . . . . . .	Number	 0000002Bh   
VK_F10 . . . . . . . . . . . . .	Number	 00000079h   
VK_F11 . . . . . . . . . . . . .	Number	 0000007Ah   
VK_F12 . . . . . . . . . . . . .	Number	 0000007Bh   
VK_F13 . . . . . . . . . . . . .	Number	 0000007Ch   
VK_F14 . . . . . . . . . . . . .	Number	 0000007Dh   
VK_F15 . . . . . . . . . . . . .	Number	 0000007Eh   
VK_F16 . . . . . . . . . . . . .	Number	 0000007Fh   
VK_F17 . . . . . . . . . . . . .	Number	 00000080h   
VK_F18 . . . . . . . . . . . . .	Number	 00000081h   
VK_F19 . . . . . . . . . . . . .	Number	 00000082h   
VK_F1  . . . . . . . . . . . . .	Number	 00000070h   
VK_F20 . . . . . . . . . . . . .	Number	 00000083h   
VK_F21 . . . . . . . . . . . . .	Number	 00000084h   
VK_F22 . . . . . . . . . . . . .	Number	 00000085h   
VK_F23 . . . . . . . . . . . . .	Number	 00000086h   
VK_F24 . . . . . . . . . . . . .	Number	 00000087h   
VK_F2  . . . . . . . . . . . . .	Number	 00000071h   
VK_F3  . . . . . . . . . . . . .	Number	 00000072h   
VK_F4  . . . . . . . . . . . . .	Number	 00000073h   
VK_F5  . . . . . . . . . . . . .	Number	 00000074h   
VK_F6  . . . . . . . . . . . . .	Number	 00000075h   
VK_F7  . . . . . . . . . . . . .	Number	 00000076h   
VK_F8  . . . . . . . . . . . . .	Number	 00000077h   
VK_F9  . . . . . . . . . . . . .	Number	 00000078h   
VK_HELP  . . . . . . . . . . . .	Number	 0000002Fh   
VK_HOME  . . . . . . . . . . . .	Number	 00000024h   
VK_INSERT  . . . . . . . . . . .	Number	 0000002Dh   
VK_LBUTTON . . . . . . . . . . .	Number	 00000001h   
VK_LCONTROL  . . . . . . . . . .	Number	 000000A2h   
VK_LEFT  . . . . . . . . . . . .	Number	 00000025h   
VK_LMENU . . . . . . . . . . . .	Number	 000000A4h   
VK_LSHIFT  . . . . . . . . . . .	Number	 000000A0h   
VK_MENU  . . . . . . . . . . . .	Number	 00000012h   
VK_MULTIPLY  . . . . . . . . . .	Number	 0000006Ah   
VK_NEXT  . . . . . . . . . . . .	Number	 00000022h   
VK_NUMLOCK . . . . . . . . . . .	Number	 00000090h   
VK_NUMPAD0 . . . . . . . . . . .	Number	 00000060h   
VK_NUMPAD1 . . . . . . . . . . .	Number	 00000061h   
VK_NUMPAD2 . . . . . . . . . . .	Number	 00000062h   
VK_NUMPAD3 . . . . . . . . . . .	Number	 00000063h   
VK_NUMPAD4 . . . . . . . . . . .	Number	 00000064h   
VK_NUMPAD5 . . . . . . . . . . .	Number	 00000065h   
VK_NUMPAD6 . . . . . . . . . . .	Number	 00000066h   
VK_NUMPAD7 . . . . . . . . . . .	Number	 00000067h   
VK_NUMPAD8 . . . . . . . . . . .	Number	 00000068h   
VK_NUMPAD9 . . . . . . . . . . .	Number	 00000069h   
VK_PAUSE . . . . . . . . . . . .	Number	 00000013h   
VK_PRINT . . . . . . . . . . . .	Number	 0000002Ah   
VK_PRIOR . . . . . . . . . . . .	Number	 00000021h   
VK_RBUTTON . . . . . . . . . . .	Number	 00000002h   
VK_RCONTROL  . . . . . . . . . .	Number	 000000A3h   
VK_RETURN  . . . . . . . . . . .	Number	 0000000Dh   
VK_RIGHT . . . . . . . . . . . .	Number	 00000027h   
VK_RMENU . . . . . . . . . . . .	Number	 000000A5h   
VK_RSHIFT  . . . . . . . . . . .	Number	 000000A1h   
VK_SCROLL  . . . . . . . . . . .	Number	 00000091h   
VK_SEPARATER . . . . . . . . . .	Number	 0000006Ch   
VK_SHIFT . . . . . . . . . . . .	Number	 00000010h   
VK_SNAPSHOT  . . . . . . . . . .	Number	 0000002Ch   
VK_SPACE . . . . . . . . . . . .	Number	 00000020h   
VK_SUBTRACT  . . . . . . . . . .	Number	 0000006Dh   
VK_TAB . . . . . . . . . . . . .	Number	 00000009h   
VK_UP  . . . . . . . . . . . . .	Number	 00000026h   
WINDOW_BUFFER_SIZE_EVENT . . . .	Number	 00000004h   
WriteConsoleOutputCharacter  . .	Text   	 WriteConsoleOutputCharacterA
WriteConsole . . . . . . . . . .	Text   	 WriteConsoleA
black  . . . . . . . . . . . . .	Number	 00000000h   
blue . . . . . . . . . . . . . .	Number	 00000001h   
board  . . . . . . . . . . . . .	Byte	 00000002 _DATA	
brown  . . . . . . . . . . . . .	Number	 00000006h   
currRow  . . . . . . . . . . . .	Byte	 0000006C _DATA	
currentScore . . . . . . . . . .	Number	 -00000008h   
cyan . . . . . . . . . . . . . .	Number	 00000003h   
exit . . . . . . . . . . . . . .	Text   	 INVOKE ExitProcess,0
gameFinStr . . . . . . . . . . .	Byte	 0000003B _DATA	
gamefin  . . . . . . . . . . . .	Byte	 00000045 _DATA	
gray . . . . . . . . . . . . . .	Number	 00000008h   
green  . . . . . . . . . . . . .	Number	 00000002h   
i_BoardPtr . . . . . . . . . . .	Number	 00000010h   
i_MovesSeriesPtr . . . . . . . .	Number	 00000018h   
i_Nomoves  . . . . . . . . . . .	Number	 00000014h   
i_NumCols  . . . . . . . . . . .	Number	 00000008h   
i_NumRows  . . . . . . . . . . .	Number	 0000000Ch   
i_lengthOfSeries . . . . . . . .	Number	 00000008h   
i_rearrangedBoardPtr . . . . . .	Number	 00000010h   
lastCellOnBoard  . . . . . . . .	DWord	 0000006D _DATA	
lengthOfSeries . . . . . . . . .	Number	 -00000004h   
lightBlue  . . . . . . . . . . .	Number	 00000009h   
lightCyan  . . . . . . . . . . .	Number	 0000000Bh   
lightGray  . . . . . . . . . . .	Number	 00000007h   
lightGreen . . . . . . . . . . .	Number	 0000000Ah   
lightMagenta . . . . . . . . . .	Number	 0000000Dh   
lightRed . . . . . . . . . . . .	Number	 0000000Ch   
magenta  . . . . . . . . . . . .	Number	 00000005h   
moveNumStr . . . . . . . . . . .	Byte	 00000052 _DATA	
moveNum  . . . . . . . . . . . .	Number	 -00000004h   
moveseries . . . . . . . . . . .	Byte	 00000071 _DATA	
moves  . . . . . . . . . . . . .	Byte	 00000012 _DATA	
myName . . . . . . . . . . . . .	Byte	 00000018 _DATA	
nomoves  . . . . . . . . . . . .	Byte	 00000017 _DATA	
numcols  . . . . . . . . . . . .	Byte	 00000001 _DATA	
numrows  . . . . . . . . . . . .	Byte	 00000000 _DATA	
rearrangedBoard  . . . . . . . .	Byte	 0000005C _DATA	
red  . . . . . . . . . . . . . .	Number	 00000004h   
scoreStr . . . . . . . . . . . .	Byte	 00000046 _DATA	
score  . . . . . . . . . . . . .	DWord	 0000004E _DATA	
white  . . . . . . . . . . . . .	Number	 0000000Fh   
wsprintf . . . . . . . . . . . .	Text   	 wsprintfA
yellow . . . . . . . . . . . . .	Number	 0000000Eh   

	   0 Warnings
	   0 Errors
